<html>
<body>
<pre>
<h1>µVision Build Log</h1>
<h2>Tool Versions:</h2>
IDE-Version: µVision V5.24.2.0
Copyright (C) 2017 ARM Ltd and ARM Germany GmbH. All rights reserved.
License Information: Eric Praetzel, ECE Dept, LIC=----
 
Tool Versions:
Toolchain:       MDK-Lite  Version: 5.24.1
Toolchain Path:  C:\Software\Keil_v5\ARM\ARMCC\Bin
C Compiler:      Armcc.exe V5.06 update 5 (build 528)
Assembler:       Armasm.exe V5.06 update 5 (build 528)
Linker/Locator:  ArmLink.exe V5.06 update 5 (build 528)
Library Manager: ArmAr.exe V5.06 update 5 (build 528)
Hex Converter:   FromElf.exe V5.06 update 5 (build 528)
CPU DLL:         SARMCM3.DLL V5.24.1
Dialog DLL:      DCM.DLL V1.16.0.0
Target DLL:      UL2CM3.DLL V1.160.3.0
Dialog DLL:      TCM.DLL V1.32.0.0
 
<h2>Project:</h2>
N:\MTE241\RTOS\RTOS.uvprojx
Project File Date:  07/11/2019

<h2>Output:</h2>
*** Using Compiler 'V5.06 update 5 (build 528)', folder: 'C:\Software\Keil_v5\ARM\ARMCC\Bin'
Build target 'Target 1'
compiling main_default.c...
main_default.c(489): warning:  #188-D: enumerated type mixed with another type
  	CreateTask(&functionOne, 3, (void *)0);
main_default.c(490): warning:  #188-D: enumerated type mixed with another type
  	CreateTask(&functionOne, 3, (void *)1);
main_default.c(491): warning:  #188-D: enumerated type mixed with another type
  	CreateTask(&functionOne, 3, (void *)2);
main_default.c(492): warning:  #188-D: enumerated type mixed with another type
  	CreateTask(&functionOne, 3, (void *)3);	
main_default.c(493): warning:  #188-D: enumerated type mixed with another type
  	CreateTask(&functionOne, 3, (void *)4);
main_default.c(494): warning:  #188-D: enumerated type mixed with another type
  	CreateTask(&functionOne, 3, (void *)5); // Shouldn't create this task
main_default.c(514): warning:  #188-D: enumerated type mixed with another type
  			CreateTask(&functionOne, 2, (void *)0);
main_default.c(519): warning:  #188-D: enumerated type mixed with another type
  			CreateTask(&functionOne, 3, (void *)1);
main_default.c(524): warning:  #188-D: enumerated type mixed with another type
  			CreateTask(&functionOne, 4, (void *)2);
main_default.c(543): warning:  #188-D: enumerated type mixed with another type
  			CreateTask(&semaphoreTryAquire, 4, (void *)0);
main_default.c: 10 warnings, 0 errors
linking...
Program Size: Code=4400 RO-data=304 RW-data=92 ZI-data=8612  
".\Objects\RTOS.axf" - 0 Error(s), 10 Warning(s).

<h2>Software Packages used:</h2>

Package Vendor: ARM
                http://www.keil.com/pack/ARM.CMSIS.5.3.0.pack
                ARM.CMSIS.5.3.0
                CMSIS (Cortex Microcontroller Software Interface Standard)
   * Component: CORE Version: 5.1.1

Package Vendor: Keil
                http://www.keil.com/pack/Keil.LPC1700_DFP.2.4.0.pack
                Keil.LPC1700_DFP.2.4.0
                NXP LPC1700 Series Device Support, Drivers and Examples for MCB1700 and LPC1788-32
   * Component: Startup Version: 1.0.0

<h2>Collection of Component include folders:</h2>
  .\RTE\Device\LPC1768
  .\RTE\_Target_1
  C:\Software\Keil_v5\ARM\PACK\ARM\CMSIS\5.3.0\CMSIS\Include
  C:\Software\Keil_v5\ARM\PACK\Keil\LPC1700_DFP\2.4.0\Device\Include

<h2>Collection of Component Files used:</h2>

   * Component: Keil::Device:Startup:1.0.0
      Include file:  Device\Include\LPC17xx.h
      Source file:   Device\Source\ARM\startup_LPC17xx.s
      Source file:   Device\Source\system_LPC17xx.c
      Include file:  RTE_Driver\Config\RTE_Device.h

   * Component: ARM::CMSIS:CORE:5.1.1
Build Time Elapsed:  00:00:00
</pre>
</body>
</html>
